MPLINK 5.09, LINKER
Linker Map File - Created Tue Jun 16 19:32:26 2026

                                 Section Info
                  Section       Type    Address   Location Size(Bytes)
                ---------  ---------  ---------  ---------  ---------
                   .org_0       code   0x000000    program   0x000004
                   .cinit    romdata   0x000004    program   0x000002
                   .org_1       code   0x000008    program   0x000002
                   .org_2       code   0x000018    program   0x000170
                   .org_3       code   0x000200    program   0x000050
.config_300001_BUILD/DEFAULT/PRODUCTION/ASSEMBL    romdata   0x300001    program   0x000001
.config_300003_BUILD/DEFAULT/PRODUCTION/ASSEMBL    romdata   0x300003    program   0x000001
.config_300005_BUILD/DEFAULT/PRODUCTION/ASSEMBL    romdata   0x300005    program   0x000001



                              Program Memory Usage 
                               Start         End      
                           ---------   ---------      
                            0x000000    0x000005      
                            0x000008    0x000009      
                            0x000018    0x000187      
                            0x000200    0x00024f      
                            0x300001    0x300001      
                            0x300003    0x300003      
                            0x300005    0x300005      
            459 out of 8472 program addresses used, program memory utilization is 5%



                              Symbols - Sorted by Name
                     Name    Address   Location    Storage File                     
                ---------  ---------  ---------  --------- ---------                
                BYTE_LOOP   0x000154    program     static C:\MPLABProjects\S1P2.X\assembly.asm
                  DB_LOOP   0x000028    program     static C:\MPLABProjects\S1P2.X\assembly.asm
                  DB_WAIT   0x00002c    program     static C:\MPLABProjects\S1P2.X\assembly.asm
                DECREMENT   0x00006e    program     static C:\MPLABProjects\S1P2.X\assembly.asm
                  IMAGE_0   0x000200    program     static C:\MPLABProjects\S1P2.X\assembly.asm
              IMAGE_0_END   0x000250    program     static C:\MPLABProjects\S1P2.X\assembly.asm
                  INIT_LM   0x0000d2    program     static C:\MPLABProjects\S1P2.X\assembly.asm
                 INIT_OSC   0x00001a    program     static C:\MPLABProjects\S1P2.X\assembly.asm
                 INIT_RGB   0x00003a    program     static C:\MPLABProjects\S1P2.X\assembly.asm
        LOAD_IMAGE_TO_RAM   0x0000e6    program     static C:\MPLABProjects\S1P2.X\assembly.asm
                LOAD_LOOP   0x0000f2    program     static C:\MPLABProjects\S1P2.X\assembly.asm
                     LOOP   0x000180    program     static C:\MPLABProjects\S1P2.X\assembly.asm
                   LOOP_L   0x000074    program     static C:\MPLABProjects\S1P2.X\assembly.asm
                   LOOP_R   0x00009a    program     static C:\MPLABProjects\S1P2.X\assembly.asm
                     MAIN   0x000174    program     static C:\MPLABProjects\S1P2.X\assembly.asm
        MENU_BUTTON_CHECK   0x000048    program     static C:\MPLABProjects\S1P2.X\assembly.asm
                MENU_LEFT   0x00005a    program     static C:\MPLABProjects\S1P2.X\assembly.asm
               MENU_RIGHT   0x000080    program     static C:\MPLABProjects\S1P2.X\assembly.asm
               RESET_LOOP   0x000166    program     static C:\MPLABProjects\S1P2.X\assembly.asm
                    RGB_0   0x0000ca    program     static C:\MPLABProjects\S1P2.X\assembly.asm
                    RGB_1   0x0000c2    program     static C:\MPLABProjects\S1P2.X\assembly.asm
                    RGB_2   0x0000ba    program     static C:\MPLABProjects\S1P2.X\assembly.asm
              RSKIP_RESET   0x000096    program     static C:\MPLABProjects\S1P2.X\assembly.asm
                 SEND_BIT   0x000120    program     static C:\MPLABProjects\S1P2.X\assembly.asm
                SEND_BYTE   0x000150    program     static C:\MPLABProjects\S1P2.X\assembly.asm
                SEND_DONE   0x00014c    program     static C:\MPLABProjects\S1P2.X\assembly.asm
      SEND_FRAME_FROM_RAM   0x000100    program     static C:\MPLABProjects\S1P2.X\assembly.asm
                SEND_LOOP   0x00010c    program     static C:\MPLABProjects\S1P2.X\assembly.asm
               SEND_RESET   0x000160    program     static C:\MPLABProjects\S1P2.X\assembly.asm
                SEND_ZERO   0x00013a    program     static C:\MPLABProjects\S1P2.X\assembly.asm
           SKIP_DECREMENT   0x000070    program     static C:\MPLABProjects\S1P2.X\assembly.asm
               UPDATE_RGB   0x0000a6    program     static C:\MPLABProjects\S1P2.X\assembly.asm
            WAIT_DEBOUNCE   0x000024    program     static C:\MPLABProjects\S1P2.X\assembly.asm
               WRAP_RIGHT   0x000094    program     static C:\MPLABProjects\S1P2.X\assembly.asm



                              Symbols - Sorted by Address
                     Name    Address   Location    Storage File                     
                ---------  ---------  ---------  --------- ---------                
                 INIT_OSC   0x00001a    program     static C:\MPLABProjects\S1P2.X\assembly.asm
            WAIT_DEBOUNCE   0x000024    program     static C:\MPLABProjects\S1P2.X\assembly.asm
                  DB_LOOP   0x000028    program     static C:\MPLABProjects\S1P2.X\assembly.asm
                  DB_WAIT   0x00002c    program     static C:\MPLABProjects\S1P2.X\assembly.asm
                 INIT_RGB   0x00003a    program     static C:\MPLABProjects\S1P2.X\assembly.asm
        MENU_BUTTON_CHECK   0x000048    program     static C:\MPLABProjects\S1P2.X\assembly.asm
                MENU_LEFT   0x00005a    program     static C:\MPLABProjects\S1P2.X\assembly.asm
                DECREMENT   0x00006e    program     static C:\MPLABProjects\S1P2.X\assembly.asm
           SKIP_DECREMENT   0x000070    program     static C:\MPLABProjects\S1P2.X\assembly.asm
                   LOOP_L   0x000074    program     static C:\MPLABProjects\S1P2.X\assembly.asm
               MENU_RIGHT   0x000080    program     static C:\MPLABProjects\S1P2.X\assembly.asm
               WRAP_RIGHT   0x000094    program     static C:\MPLABProjects\S1P2.X\assembly.asm
              RSKIP_RESET   0x000096    program     static C:\MPLABProjects\S1P2.X\assembly.asm
                   LOOP_R   0x00009a    program     static C:\MPLABProjects\S1P2.X\assembly.asm
               UPDATE_RGB   0x0000a6    program     static C:\MPLABProjects\S1P2.X\assembly.asm
                    RGB_2   0x0000ba    program     static C:\MPLABProjects\S1P2.X\assembly.asm
                    RGB_1   0x0000c2    program     static C:\MPLABProjects\S1P2.X\assembly.asm
                    RGB_0   0x0000ca    program     static C:\MPLABProjects\S1P2.X\assembly.asm
                  INIT_LM   0x0000d2    program     static C:\MPLABProjects\S1P2.X\assembly.asm
        LOAD_IMAGE_TO_RAM   0x0000e6    program     static C:\MPLABProjects\S1P2.X\assembly.asm
                LOAD_LOOP   0x0000f2    program     static C:\MPLABProjects\S1P2.X\assembly.asm
      SEND_FRAME_FROM_RAM   0x000100    program     static C:\MPLABProjects\S1P2.X\assembly.asm
                SEND_LOOP   0x00010c    program     static C:\MPLABProjects\S1P2.X\assembly.asm
                 SEND_BIT   0x000120    program     static C:\MPLABProjects\S1P2.X\assembly.asm
                SEND_ZERO   0x00013a    program     static C:\MPLABProjects\S1P2.X\assembly.asm
                SEND_DONE   0x00014c    program     static C:\MPLABProjects\S1P2.X\assembly.asm
                SEND_BYTE   0x000150    program     static C:\MPLABProjects\S1P2.X\assembly.asm
                BYTE_LOOP   0x000154    program     static C:\MPLABProjects\S1P2.X\assembly.asm
               SEND_RESET   0x000160    program     static C:\MPLABProjects\S1P2.X\assembly.asm
               RESET_LOOP   0x000166    program     static C:\MPLABProjects\S1P2.X\assembly.asm
                     MAIN   0x000174    program     static C:\MPLABProjects\S1P2.X\assembly.asm
                     LOOP   0x000180    program     static C:\MPLABProjects\S1P2.X\assembly.asm
                  IMAGE_0   0x000200    program     static C:\MPLABProjects\S1P2.X\assembly.asm
              IMAGE_0_END   0x000250    program     static C:\MPLABProjects\S1P2.X\assembly.asm


